Processing page 1/19...
  OK Page 1: 386 chars
Processing page 2/19...
  OK Page 2: 2653 chars
Processing page 3/19...
  OK Page 3: 2324 chars
Processing page 4/19...
  OK Page 4: 2505 chars
Processing page 5/19...
  OK Page 5: 3152 chars
Processing page 6/19...
  OK Page 6: 2965 chars
Processing page 7/19...
  OK Page 7: 3031 chars
Processing page 8/19...
  OK Page 8: 2276 chars
Processing page 9/19...
  OK Page 9: 2068 chars
Processing page 10/19...
  OK Page 10: 1972 chars
Processing page 11/19...
  OK Page 11: 2404 chars
Processing page 12/19...
  OK Page 12: 1262 chars
Processing page 13/19...
  OK Page 13: 1651 chars
Processing page 14/19...
  OK Page 14: 2269 chars
Processing page 15/19...
  OK Page 15: 2144 chars
Processing page 16/19...
  OK Page 16: 1261 chars
Processing page 17/19...
  OK Page 17: 1230 chars
Processing page 18/19...
  OK Page 18: 1232 chars
Processing page 19/19...
  OK Page 19: 1177 chars

=== Results ===
Total pages: 19
Total chars: 37998
Page chunks: 19
Traceback (most recent call last):
  File "d:\Programming\Playground AI\Pipeline_OCR+Export_Rapoarte_PDF\tests\python\test_pymupdf4llm_long_report.py", line 96, in <module>
    test_long_report_pymupdf4llm_no_fallback()
  File "d:\Programming\Playground AI\Pipeline_OCR+Export_Rapoarte_PDF\tests\python\test_pymupdf4llm_long_report.py", line 74, in test_long_report_pymupdf4llm_no_fallback
    assert total_chars > 45000, f"Expected >45k chars, got {total_chars}"
           ^^^^^^^^^^^^^^^^^^^
AssertionError: Expected >45k chars, got 37998
